GemsFDTD_14687 GemsFDTD/14687 0 0 20 20
GemsFDTD_73554 GemsFDTD/73554 0 0 20 20
GemsFDTD_82423 GemsFDTD/82423 0 0 20 20
astar_biglakes_563 astar_biglakes/563 0 0 20 20
astar_biglakes_3974 astar_biglakes/3974 0 0 20 20
astar_rivers_6526 astar_rivers/6526 0 0 20 20
astar_rivers_9524 astar_rivers/9524 0 0 20 20
astar_rivers_13721 astar_rivers/13721 0 0 20 20
bwaves_11547 bwaves/11547 0 0 20 20
bzip2_chicken_2381 bzip2_chicken/2381 0 0 20 20
bzip2_chicken_2908 bzip2_chicken/2908 0 0 20 20
bzip2_chicken_5689 bzip2_chicken/5689 0 0 20 20
bzip2_combined_409 bzip2_combined/409 0 0 20 20
bzip2_combined_5239 bzip2_combined/5239 0 0 20 20
bzip2_combined_8555 bzip2_combined/8555 0 0 20 20
bzip2_combined_9552 bzip2_combined/9552 0 0 20 20
bzip2_combined_16352 bzip2_combined/16352 0 0 20 20
bzip2_html_6405 bzip2_html/6405 0 0 20 20
bzip2_html_13154 bzip2_html/13154 0 0 20 20
bzip2_html_13707 bzip2_html/13707 0 0 20 20
bzip2_liberty_3283 bzip2_liberty/3283 0 0 20 20
bzip2_liberty_7044 bzip2_liberty/7044 0 0 20 20
bzip2_liberty_14642 bzip2_liberty/14642 0 0 20 20
bzip2_program_581 bzip2_program/581 0 0 20 20
bzip2_program_2042 bzip2_program/2042 0 0 20 20
bzip2_program_6072 bzip2_program/6072 0 0 20 20
bzip2_program_14540 bzip2_program/14540 0 0 20 20
bzip2_program_27022 bzip2_program/27022 0 0 20 20
bzip2_source_2723 bzip2_source/2723 0 0 20 20
bzip2_source_4344 bzip2_source/4344 0 0 20 20
bzip2_source_11802 bzip2_source/11802 0 0 20 20
bzip2_source_13552 bzip2_source/13552 0 0 20 20
bzip2_source_14017 bzip2_source/14017 0 0 20 20
bzip2_source_18208 bzip2_source/18208 0 0 20 20
cactusADM_34611 cactusADM/34611 0 0 20 20
calculix_95481 calculix/95481 0 0 20 20
calculix_103623 calculix/103623 0 0 20 20
calculix_106537 calculix/106537 0 0 20 20
calculix_223088 calculix/223088 0 0 20 20
dealII_13284 dealII/13284 0 0 20 20
dealII_31900 dealII/31900 0 0 20 20
dealII_46884 dealII/46884 0 0 20 20
dealII_50985 dealII/50985 0 0 20 20
dealII_75291 dealII/75291 0 0 20 20
gamess_cytosine_2722 gamess_cytosine/2722 0 0 20 20
gamess_cytosine_29029 gamess_cytosine/29029 0 0 20 20
gamess_cytosine_32442 gamess_cytosine/32442 0 0 20 20
gamess_cytosine_53120 gamess_cytosine/53120 0 0 20 20
gamess_cytosine_59013 gamess_cytosine/59013 0 0 20 20
gamess_gradient_9673 gamess_gradient/9673 0 0 20 20
gamess_gradient_21599 gamess_gradient/21599 0 0 20 20
gamess_gradient_34061 gamess_gradient/34061 0 0 20 20
gamess_gradient_36884 gamess_gradient/36884 0 0 20 20
gamess_gradient_40161 gamess_gradient/40161 0 0 20 20
gamess_triazolium_32806 gamess_triazolium/32806 0 0 20 20
gamess_triazolium_55460 gamess_triazolium/55460 0 0 20 20
gamess_triazolium_97221 gamess_triazolium/97221 0 0 20 20
gamess_triazolium_169983 gamess_triazolium/169983 0 0 20 20
gamess_triazolium_190640 gamess_triazolium/190640 0 0 20 20
gamess_triazolium_202060 gamess_triazolium/202060 0 0 20 20
gcc_166_1478 gcc_166/1478 0 0 20 20
gcc_166_1981 gcc_166/1981 0 0 20 20
gcc_166_2882 gcc_166/2882 0 0 20 20
gcc_166_3160 gcc_166/3160 0 0 20 20
gcc_166_3594 gcc_166/3594 0 0 20 20
gcc_200_1611 gcc_200/1611 0 0 20 20
gcc_200_4627 gcc_200/4627 0 0 20 20
gcc_200_5353 gcc_200/5353 0 0 20 20
gcc_200_6333 gcc_200/6333 0 0 20 20
gcc_cpdecl_980 gcc_cpdecl/980 0 0 20 20
gcc_cpdecl_2557 gcc_cpdecl/2557 0 0 20 20
gcc_cpdecl_4616 gcc_cpdecl/4616 0 0 20 20
gcc_expr_976 gcc_expr/976 0 0 20 20
gcc_expr_1595 gcc_expr/1595 0 0 20 20
gcc_expr_2383 gcc_expr/2383 0 0 20 20
gcc_expr_5281 gcc_expr/5281 0 0 20 20
gcc_expr2_2375 gcc_expr2/2375 0 0 20 20
gcc_expr2_2914 gcc_expr2/2914 0 0 20 20
gcc_expr2_7202 gcc_expr2/7202 0 0 20 20
gcc_g23_589 gcc_g23/589 0 0 20 20
gcc_g23_3283 gcc_g23/3283 0 0 20 20
gcc_g23_4990 gcc_g23/4990 0 0 20 20
gcc_g23_9388 gcc_g23/9388 0 0 20 20
gcc_s04_74 gcc_s04/74 0 0 20 20
gcc_s04_2064 gcc_s04/2064 0 0 20 20
gcc_s04_2786 gcc_s04/2786 0 0 20 20
gcc_scilab_765 gcc_scilab/765 0 0 20 20
gcc_scilab_1129 gcc_scilab/1129 0 0 20 20
gcc_scilab_2140 gcc_scilab/2140 0 0 20 20
gcc_scilab_2437 gcc_scilab/2437 0 0 20 20
gcc_scilab_2750 gcc_scilab/2750 0 0 20 20
gcc_typeck_2298 gcc_typeck/2298 0 0 20 20
gcc_typeck_3627 gcc_typeck/3627 0 0 20 20
gcc_typeck_5174 gcc_typeck/5174 0 0 20 20
gcc_typeck_6723 gcc_typeck/6723 0 0 20 20
gobmk_13x13_5918 gobmk_13x13/5918 0 0 20 20
gobmk_13x13_6013 gobmk_13x13/6013 0 0 20 20
gobmk_13x13_6887 gobmk_13x13/6887 0 0 20 20
gobmk_13x13_7053 gobmk_13x13/7053 0 0 20 20
gobmk_nngs_6637 gobmk_nngs/6637 0 0 20 20
gobmk_nngs_18542 gobmk_nngs/18542 0 0 20 20
gobmk_nngs_24589 gobmk_nngs/24589 0 0 20 20
gobmk_nngs_26668 gobmk_nngs/26668 0 0 20 20
gobmk_score2_6399 gobmk_score2/6399 0 0 20 20
gobmk_score2_8731 gobmk_score2/8731 0 0 20 20
gobmk_score2_10643 gobmk_score2/10643 0 0 20 20
gobmk_score2_11222 gobmk_score2/11222 0 0 20 20
gobmk_score2_12202 gobmk_score2/12202 0 0 20 20
gobmk_trevorc_3683 gobmk_trevorc/3683 0 0 20 20
gobmk_trevorc_5525 gobmk_trevorc/5525 0 0 20 20
gobmk_trevorc_6872 gobmk_trevorc/6872 0 0 20 20
gobmk_trevord_699 gobmk_trevord/699 0 0 20 20
gobmk_trevord_4964 gobmk_trevord/4964 0 0 20 20
gobmk_trevord_12241 gobmk_trevord/12241 0 0 20 20
gobmk_trevord_14461 gobmk_trevord/14461 0 0 20 20
gromacs_1013 gromacs/1013 0 0 20 20
gromacs_9896 gromacs/9896 0 0 20 20
gromacs_36635 gromacs/36635 0 0 20 20
gromacs_37776 gromacs/37776 0 0 20 20
h264ref_foreman.baseline_8720 h264ref_foreman.baseline/8720 0 0 20 20
h264ref_foreman.baseline_11500 h264ref_foreman.baseline/11500 0 0 20 20
h264ref_foreman.baseline_17663 h264ref_foreman.baseline/17663 0 0 20 20
h264ref_foreman.baseline_20409 h264ref_foreman.baseline/20409 0 0 20 20
h264ref_foreman.baseline_26123 h264ref_foreman.baseline/26123 0 0 20 20
h264ref_foreman.main_835 h264ref_foreman.main/835 0 0 20 20
h264ref_foreman.main_8620 h264ref_foreman.main/8620 0 0 20 20
h264ref_foreman.main_12573 h264ref_foreman.main/12573 0 0 20 20
h264ref_foreman.main_17362 h264ref_foreman.main/17362 0 0 20 20
h264ref_foreman.main_21785 h264ref_foreman.main/21785 0 0 20 20
h264ref_foreman.main_22568 h264ref_foreman.main/22568 0 0 20 20
h264ref_foreman.main_22915 h264ref_foreman.main/22915 0 0 20 20
h264ref_sss_5661 h264ref_sss/5661 0 0 20 20
h264ref_sss_6239 h264ref_sss/6239 0 0 20 20
h264ref_sss_74973 h264ref_sss/74973 0 0 20 20
h264ref_sss_80447 h264ref_sss/80447 0 0 20 20
h264ref_sss_117206 h264ref_sss/117206 0 0 20 20
h264ref_sss_194236 h264ref_sss/194236 0 0 20 20
h264ref_sss_200304 h264ref_sss/200304 0 0 20 20
hmmer_nph3_10449 hmmer_nph3/10449 0 0 20 20
hmmer_nph3_18465 hmmer_nph3/18465 0 0 20 20
hmmer_retro_43944 hmmer_retro/43944 0 0 20 20
hmmer_retro_66025 hmmer_retro/66025 0 0 20 20
hmmer_retro_73024 hmmer_retro/73024 0 0 20 20
hmmer_retro_88009 hmmer_retro/88009 0 0 20 20
hmmer_retro_103765 hmmer_retro/103765 0 0 20 20
hmmer_retro_111624 hmmer_retro/111624 0 0 20 20
lbm_28600 lbm/28600 0 0 20 20
leslie3d_11410 leslie3d/11410 0 0 20 20
leslie3d_23860 leslie3d/23860 0 0 20 20
leslie3d_60905 leslie3d/60905 0 0 20 20
leslie3d_92402 leslie3d/92402 0 0 20 20
libquantum_32364 libquantum/32364 0 0 20 20
libquantum_44753 libquantum/44753 0 0 20 20
libquantum_80533 libquantum/80533 0 0 20 20
libquantum_85933 libquantum/85933 0 0 20 20
libquantum_87346 libquantum/87346 0 0 20 20
libquantum_94629 libquantum/94629 0 0 20 20
mcf_1068 mcf/1068 0 0 20 20
mcf_5712 mcf/5712 0 0 20 20
mcf_5827 mcf/5827 0 0 20 20
mcf_7102 mcf/7102 0 0 20 20
mcf_12047 mcf/12047 0 0 20 20
mcf_12206 mcf/12206 0 0 20 20
mcf_12923 mcf/12923 0 0 20 20
milc_3470 milc/3470 0 0 20 20
milc_6943 milc/6943 0 0 20 20
milc_18854 milc/18854 0 0 20 20
milc_27998 milc/27998 0 0 20 20
milc_29151 milc/29151 0 0 20 20
milc_29217 milc/29217 0 0 20 20
milc_32828 milc/32828 0 0 20 20
milc_39369 milc/39369 0 0 20 20
namd_11206 namd/11206 0 0 20 20
namd_23898 namd/23898 0 0 20 20
namd_41426 namd/41426 0 0 20 20
namd_47594 namd/47594 0 0 20 20
namd_69105 namd/69105 0 0 20 20
namd_74925 namd/74925 0 0 20 20
namd_87644 namd/87644 0 0 20 20
namd_96068 namd/96068 0 0 20 20
omnetpp_3211 omnetpp/3211 0 0 20 20
omnetpp_4659 omnetpp/4659 0 0 20 20
omnetpp_7545 omnetpp/7545 0 0 20 20
omnetpp_12773 omnetpp/12773 0 0 20 20
omnetpp_16097 omnetpp/16097 0 0 20 20
omnetpp_16608 omnetpp/16608 0 0 20 20
omnetpp_22371 omnetpp/22371 0 0 20 20
omnetpp_24353 omnetpp/24353 0 0 20 20
perlbench_checkspam_8864 perlbench_checkspam/8864 0 0 20 20
perlbench_checkspam_18020 perlbench_checkspam/18020 0 0 20 20
perlbench_checkspam_23547 perlbench_checkspam/23547 0 0 20 20
perlbench_checkspam_34931 perlbench_checkspam/34931 0 0 20 20
perlbench_checkspam_46273 perlbench_checkspam/46273 0 0 20 20
perlbench_diffmail_10915 perlbench_diffmail/10915 0 0 20 20
perlbench_diffmail_15061 perlbench_diffmail/15061 0 0 20 20
perlbench_splitmail_29377 perlbench_splitmail/29377 0 0 20 20
povray_13008 povray/13008 0 0 20 20
povray_13248 povray/13248 0 0 20 20
povray_13919 povray/13919 0 0 20 20
povray_15227 povray/15227 0 0 20 20
povray_16906 povray/16906 0 0 20 20
povray_22634 povray/22634 0 0 20 20
povray_23007 povray/23007 0 0 20 20
sjeng_2311 sjeng/2311 0 0 20 20
sjeng_18644 sjeng/18644 0 0 20 20
sjeng_61292 sjeng/61292 0 0 20 20
sjeng_63095 sjeng/63095 0 0 20 20
sjeng_99801 sjeng/99801 0 0 20 20
soplex_pds-50_6597 soplex_pds-50/6597 0 0 20 20
soplex_pds-50_7122 soplex_pds-50/7122 0 0 20 20
soplex_pds-50_7832 soplex_pds-50/7832 0 0 20 20
soplex_pds-50_10011 soplex_pds-50/10011 0 0 20 20
soplex_pds-50_11938 soplex_pds-50/11938 0 0 20 20
soplex_pds-50_13435 soplex_pds-50/13435 0 0 20 20
soplex_ref_580 soplex_ref/580 0 0 20 20
soplex_ref_4677 soplex_ref/4677 0 0 20 20
soplex_ref_6910 soplex_ref/6910 0 0 20 20
soplex_ref_7491 soplex_ref/7491 0 0 20 20
sphinx3_16616 sphinx3/16616 0 0 20 20
sphinx3_79169 sphinx3/79169 0 0 20 20
sphinx3_93581 sphinx3/93581 0 0 20 20
sphinx3_125642 sphinx3/125642 0 0 20 20
sphinx3_159837 sphinx3/159837 0 0 20 20
sphinx3_170956 sphinx3/170956 0 0 20 20
tonto_5592 tonto/5592 0 0 20 20
tonto_6667 tonto/6667 0 0 20 20
tonto_17661 tonto/17661 0 0 20 20
tonto_27172 tonto/27172 0 0 20 20
tonto_47094 tonto/47094 0 0 20 20
tonto_85933 tonto/85933 0 0 20 20
tonto_86795 tonto/86795 0 0 20 20
tonto_105529 tonto/105529 0 0 20 20
wrf_2303 wrf/2303 0 0 20 20
wrf_6348 wrf/6348 0 0 20 20
wrf_51541 wrf/51541 0 0 20 20
wrf_57048 wrf/57048 0 0 20 20
wrf_57978 wrf/57978 0 0 20 20
wrf_100737 wrf/100737 0 0 20 20
xalancbmk_3996 xalancbmk/3996 0 0 20 20
xalancbmk_6789 xalancbmk/6789 0 0 20 20
xalancbmk_9638 xalancbmk/9638 0 0 20 20
xalancbmk_17223 xalancbmk/17223 0 0 20 20
xalancbmk_18424 xalancbmk/18424 0 0 20 20
xalancbmk_18488 xalancbmk/18488 0 0 20 20
xalancbmk_19435 xalancbmk/19435 0 0 20 20
xalancbmk_24648 xalancbmk/24648 0 0 20 20
xalancbmk_25481 xalancbmk/25481 0 0 20 20
xalancbmk_32818 xalancbmk/32818 0 0 20 20
xalancbmk_32952 xalancbmk/32952 0 0 20 20
xalancbmk_34543 xalancbmk/34543 0 0 20 20
xalancbmk_36343 xalancbmk/36343 0 0 20 20
zeusmp_2080 zeusmp/2080 0 0 20 20
zeusmp_21871 zeusmp/21871 0 0 20 20
zeusmp_52053 zeusmp/52053 0 0 20 20
zeusmp_72936 zeusmp/72936 0 0 20 20
zeusmp_79124 zeusmp/79124 0 0 20 20
zeusmp_80042 zeusmp/80042 0 0 20 20
