GemsFDTD_14687 GemsFDTD/14687 0 0 20 20
GemsFDTD_15102 GemsFDTD/15102 0 0 20 20
GemsFDTD_16875 GemsFDTD/16875 0 0 20 20
GemsFDTD_18329 GemsFDTD/18329 0 0 20 20
GemsFDTD_20132 GemsFDTD/20132 0 0 20 20
GemsFDTD_21989 GemsFDTD/21989 0 0 20 20
GemsFDTD_23016 GemsFDTD/23016 0 0 20 20
GemsFDTD_23929 GemsFDTD/23929 0 0 20 20
GemsFDTD_35311 GemsFDTD/35311 0 0 20 20
GemsFDTD_36061 GemsFDTD/36061 0 0 20 20
GemsFDTD_36139 GemsFDTD/36139 0 0 20 20
GemsFDTD_41585 GemsFDTD/41585 0 0 20 20
GemsFDTD_42863 GemsFDTD/42863 0 0 20 20
GemsFDTD_44263 GemsFDTD/44263 0 0 20 20
GemsFDTD_50060 GemsFDTD/50060 0 0 20 20
GemsFDTD_60413 GemsFDTD/60413 0 0 20 20
GemsFDTD_62532 GemsFDTD/62532 0 0 20 20
GemsFDTD_67698 GemsFDTD/67698 0 0 20 20
GemsFDTD_72683 GemsFDTD/72683 0 0 20 20
GemsFDTD_73554 GemsFDTD/73554 0 0 20 20
GemsFDTD_82423 GemsFDTD/82423 0 0 20 20
GemsFDTD_82509 GemsFDTD/82509 0 0 20 20
astar_biglakes_123 astar_biglakes/123 0 0 20 20
astar_biglakes_405 astar_biglakes/405 0 0 20 20
astar_biglakes_563 astar_biglakes/563 0 0 20 20
astar_biglakes_2596 astar_biglakes/2596 0 0 20 20
astar_biglakes_3974 astar_biglakes/3974 0 0 20 20
astar_biglakes_7476 astar_biglakes/7476 0 0 20 20
astar_biglakes_10289 astar_biglakes/10289 0 0 20 20
astar_biglakes_10375 astar_biglakes/10375 0 0 20 20
astar_biglakes_10992 astar_biglakes/10992 0 0 20 20
astar_biglakes_11020 astar_biglakes/11020 0 0 20 20
astar_biglakes_11070 astar_biglakes/11070 0 0 20 20
astar_biglakes_11200 astar_biglakes/11200 0 0 20 20
astar_biglakes_12391 astar_biglakes/12391 0 0 20 20
astar_biglakes_13149 astar_biglakes/13149 0 0 20 20
astar_biglakes_13459 astar_biglakes/13459 0 0 20 20
astar_rivers_6526 astar_rivers/6526 0 0 20 20
astar_rivers_7585 astar_rivers/7585 0 0 20 20
astar_rivers_7629 astar_rivers/7629 0 0 20 20
astar_rivers_9524 astar_rivers/9524 0 0 20 20
astar_rivers_13721 astar_rivers/13721 0 0 20 20
astar_rivers_16698 astar_rivers/16698 0 0 20 20
astar_rivers_19122 astar_rivers/19122 0 0 20 20
astar_rivers_21870 astar_rivers/21870 0 0 20 20
astar_rivers_24443 astar_rivers/24443 0 0 20 20
astar_rivers_24610 astar_rivers/24610 0 0 20 20
astar_rivers_26522 astar_rivers/26522 0 0 20 20
astar_rivers_27118 astar_rivers/27118 0 0 20 20
astar_rivers_27881 astar_rivers/27881 0 0 20 20
astar_rivers_28862 astar_rivers/28862 0 0 20 20
astar_rivers_28962 astar_rivers/28962 0 0 20 20
astar_rivers_29842 astar_rivers/29842 0 0 20 20
bwaves_198 bwaves/198 0 0 20 20
bwaves_3875 bwaves/3875 0 0 20 20
bwaves_5314 bwaves/5314 0 0 20 20
bwaves_11547 bwaves/11547 0 0 20 20
bwaves_15219 bwaves/15219 0 0 20 20
bwaves_15441 bwaves/15441 0 0 20 20
bwaves_17374 bwaves/17374 0 0 20 20
bwaves_17739 bwaves/17739 0 0 20 20
bwaves_20937 bwaves/20937 0 0 20 20
bwaves_31221 bwaves/31221 0 0 20 20
bwaves_32538 bwaves/32538 0 0 20 20
bwaves_33271 bwaves/33271 0 0 20 20
bwaves_38609 bwaves/38609 0 0 20 20
bwaves_39719 bwaves/39719 0 0 20 20
bwaves_39927 bwaves/39927 0 0 20 20
bwaves_44362 bwaves/44362 0 0 20 20
bwaves_48356 bwaves/48356 0 0 20 20
bwaves_50385 bwaves/50385 0 0 20 20
bwaves_59737 bwaves/59737 0 0 20 20
bwaves_60898 bwaves/60898 0 0 20 20
bwaves_65531 bwaves/65531 0 0 20 20
bwaves_66029 bwaves/66029 0 0 20 20
bzip2_chicken_197 bzip2_chicken/197 0 0 20 20
bzip2_chicken_449 bzip2_chicken/449 0 0 20 20
bzip2_chicken_1214 bzip2_chicken/1214 0 0 20 20
bzip2_chicken_1556 bzip2_chicken/1556 0 0 20 20
bzip2_chicken_1735 bzip2_chicken/1735 0 0 20 20
bzip2_chicken_2201 bzip2_chicken/2201 0 0 20 20
bzip2_chicken_2239 bzip2_chicken/2239 0 0 20 20
bzip2_chicken_2381 bzip2_chicken/2381 0 0 20 20
bzip2_chicken_2606 bzip2_chicken/2606 0 0 20 20
bzip2_chicken_2908 bzip2_chicken/2908 0 0 20 20
bzip2_chicken_3207 bzip2_chicken/3207 0 0 20 20
bzip2_chicken_3877 bzip2_chicken/3877 0 0 20 20
bzip2_chicken_4745 bzip2_chicken/4745 0 0 20 20
bzip2_chicken_5689 bzip2_chicken/5689 0 0 20 20
bzip2_chicken_6352 bzip2_chicken/6352 0 0 20 20
bzip2_chicken_7503 bzip2_chicken/7503 0 0 20 20
bzip2_chicken_7635 bzip2_chicken/7635 0 0 20 20
bzip2_chicken_7642 bzip2_chicken/7642 0 0 20 20
bzip2_chicken_8085 bzip2_chicken/8085 0 0 20 20
bzip2_chicken_8680 bzip2_chicken/8680 0 0 20 20
bzip2_chicken_8700 bzip2_chicken/8700 0 0 20 20
bzip2_chicken_8961 bzip2_chicken/8961 0 0 20 20
bzip2_combined_116 bzip2_combined/116 0 0 20 20
bzip2_combined_213 bzip2_combined/213 0 0 20 20
bzip2_combined_409 bzip2_combined/409 0 0 20 20
bzip2_combined_461 bzip2_combined/461 0 0 20 20
bzip2_combined_4289 bzip2_combined/4289 0 0 20 20
bzip2_combined_5239 bzip2_combined/5239 0 0 20 20
bzip2_combined_5425 bzip2_combined/5425 0 0 20 20
bzip2_combined_5569 bzip2_combined/5569 0 0 20 20
bzip2_combined_6769 bzip2_combined/6769 0 0 20 20
bzip2_combined_8555 bzip2_combined/8555 0 0 20 20
bzip2_combined_9552 bzip2_combined/9552 0 0 20 20
bzip2_combined_10444 bzip2_combined/10444 0 0 20 20
bzip2_combined_10611 bzip2_combined/10611 0 0 20 20
bzip2_combined_11818 bzip2_combined/11818 0 0 20 20
bzip2_combined_11906 bzip2_combined/11906 0 0 20 20
bzip2_combined_12013 bzip2_combined/12013 0 0 20 20
bzip2_combined_16352 bzip2_combined/16352 0 0 20 20
bzip2_combined_16628 bzip2_combined/16628 0 0 20 20
bzip2_html_545 bzip2_html/545 0 0 20 20
bzip2_html_1743 bzip2_html/1743 0 0 20 20
bzip2_html_2544 bzip2_html/2544 0 0 20 20
bzip2_html_3059 bzip2_html/3059 0 0 20 20
bzip2_html_3278 bzip2_html/3278 0 0 20 20
bzip2_html_6405 bzip2_html/6405 0 0 20 20
bzip2_html_10458 bzip2_html/10458 0 0 20 20
bzip2_html_10981 bzip2_html/10981 0 0 20 20
bzip2_html_11031 bzip2_html/11031 0 0 20 20
bzip2_html_11315 bzip2_html/11315 0 0 20 20
bzip2_html_13154 bzip2_html/13154 0 0 20 20
bzip2_html_13707 bzip2_html/13707 0 0 20 20
bzip2_html_16683 bzip2_html/16683 0 0 20 20
bzip2_html_16874 bzip2_html/16874 0 0 20 20
bzip2_html_18059 bzip2_html/18059 0 0 20 20
bzip2_html_18661 bzip2_html/18661 0 0 20 20
bzip2_html_19925 bzip2_html/19925 0 0 20 20
bzip2_html_22669 bzip2_html/22669 0 0 20 20
bzip2_html_23212 bzip2_html/23212 0 0 20 20
bzip2_html_23779 bzip2_html/23779 0 0 20 20
bzip2_html_30227 bzip2_html/30227 0 0 20 20
bzip2_liberty_246 bzip2_liberty/246 0 0 20 20
bzip2_liberty_2232 bzip2_liberty/2232 0 0 20 20
bzip2_liberty_3283 bzip2_liberty/3283 0 0 20 20
bzip2_liberty_3718 bzip2_liberty/3718 0 0 20 20
bzip2_liberty_5205 bzip2_liberty/5205 0 0 20 20
bzip2_liberty_5208 bzip2_liberty/5208 0 0 20 20
bzip2_liberty_5425 bzip2_liberty/5425 0 0 20 20
bzip2_liberty_5987 bzip2_liberty/5987 0 0 20 20
bzip2_liberty_6893 bzip2_liberty/6893 0 0 20 20
bzip2_liberty_7006 bzip2_liberty/7006 0 0 20 20
bzip2_liberty_7044 bzip2_liberty/7044 0 0 20 20
bzip2_liberty_7757 bzip2_liberty/7757 0 0 20 20
bzip2_liberty_8468 bzip2_liberty/8468 0 0 20 20
bzip2_liberty_8564 bzip2_liberty/8564 0 0 20 20
bzip2_liberty_9215 bzip2_liberty/9215 0 0 20 20
bzip2_liberty_9767 bzip2_liberty/9767 0 0 20 20
bzip2_liberty_10611 bzip2_liberty/10611 0 0 20 20
bzip2_liberty_11278 bzip2_liberty/11278 0 0 20 20
bzip2_liberty_11794 bzip2_liberty/11794 0 0 20 20
bzip2_liberty_12957 bzip2_liberty/12957 0 0 20 20
bzip2_liberty_14501 bzip2_liberty/14501 0 0 20 20
bzip2_liberty_14642 bzip2_liberty/14642 0 0 20 20
bzip2_program_581 bzip2_program/581 0 0 20 20
bzip2_program_667 bzip2_program/667 0 0 20 20
bzip2_program_1062 bzip2_program/1062 0 0 20 20
bzip2_program_2042 bzip2_program/2042 0 0 20 20
bzip2_program_2352 bzip2_program/2352 0 0 20 20
bzip2_program_4068 bzip2_program/4068 0 0 20 20
bzip2_program_6072 bzip2_program/6072 0 0 20 20
bzip2_program_6601 bzip2_program/6601 0 0 20 20
bzip2_program_6670 bzip2_program/6670 0 0 20 20
bzip2_program_7973 bzip2_program/7973 0 0 20 20
bzip2_program_9947 bzip2_program/9947 0 0 20 20
bzip2_program_10290 bzip2_program/10290 0 0 20 20
bzip2_program_11088 bzip2_program/11088 0 0 20 20
bzip2_program_11171 bzip2_program/11171 0 0 20 20
bzip2_program_14540 bzip2_program/14540 0 0 20 20
bzip2_program_16812 bzip2_program/16812 0 0 20 20
bzip2_program_18146 bzip2_program/18146 0 0 20 20
bzip2_program_18271 bzip2_program/18271 0 0 20 20
bzip2_program_18956 bzip2_program/18956 0 0 20 20
bzip2_program_22547 bzip2_program/22547 0 0 20 20
bzip2_program_24721 bzip2_program/24721 0 0 20 20
bzip2_program_27022 bzip2_program/27022 0 0 20 20
bzip2_source_639 bzip2_source/639 0 0 20 20
bzip2_source_1913 bzip2_source/1913 0 0 20 20
bzip2_source_2723 bzip2_source/2723 0 0 20 20
bzip2_source_2935 bzip2_source/2935 0 0 20 20
bzip2_source_3237 bzip2_source/3237 0 0 20 20
bzip2_source_4344 bzip2_source/4344 0 0 20 20
bzip2_source_4692 bzip2_source/4692 0 0 20 20
bzip2_source_5239 bzip2_source/5239 0 0 20 20
bzip2_source_5567 bzip2_source/5567 0 0 20 20
bzip2_source_5758 bzip2_source/5758 0 0 20 20
bzip2_source_6022 bzip2_source/6022 0 0 20 20
bzip2_source_6970 bzip2_source/6970 0 0 20 20
bzip2_source_8083 bzip2_source/8083 0 0 20 20
bzip2_source_9527 bzip2_source/9527 0 0 20 20
bzip2_source_10316 bzip2_source/10316 0 0 20 20
bzip2_source_10894 bzip2_source/10894 0 0 20 20
bzip2_source_11047 bzip2_source/11047 0 0 20 20
bzip2_source_11100 bzip2_source/11100 0 0 20 20
bzip2_source_11529 bzip2_source/11529 0 0 20 20
bzip2_source_11802 bzip2_source/11802 0 0 20 20
bzip2_source_12711 bzip2_source/12711 0 0 20 20
bzip2_source_13552 bzip2_source/13552 0 0 20 20
bzip2_source_14017 bzip2_source/14017 0 0 20 20
bzip2_source_14416 bzip2_source/14416 0 0 20 20
bzip2_source_18208 bzip2_source/18208 0 0 20 20
bzip2_source_18627 bzip2_source/18627 0 0 20 20
bzip2_source_19014 bzip2_source/19014 0 0 20 20
bzip2_source_21488 bzip2_source/21488 0 0 20 20
cactusADM_4361 cactusADM/4361 0 0 20 20
cactusADM_34611 cactusADM/34611 0 0 20 20
cactusADM_55637 cactusADM/55637 0 0 20 20
cactusADM_106971 cactusADM/106971 0 0 20 20
cactusADM_150792 cactusADM/150792 0 0 20 20
cactusADM_154995 cactusADM/154995 0 0 20 20
calculix_176 calculix/176 0 0 20 20
calculix_2554 calculix/2554 0 0 20 20
calculix_13795 calculix/13795 0 0 20 20
calculix_15962 calculix/15962 0 0 20 20
calculix_23245 calculix/23245 0 0 20 20
calculix_43265 calculix/43265 0 0 20 20
calculix_59448 calculix/59448 0 0 20 20
calculix_85678 calculix/85678 0 0 20 20
calculix_95481 calculix/95481 0 0 20 20
calculix_103623 calculix/103623 0 0 20 20
calculix_104784 calculix/104784 0 0 20 20
calculix_106537 calculix/106537 0 0 20 20
calculix_129751 calculix/129751 0 0 20 20
calculix_131852 calculix/131852 0 0 20 20
calculix_161581 calculix/161581 0 0 20 20
calculix_196459 calculix/196459 0 0 20 20
calculix_201038 calculix/201038 0 0 20 20
calculix_206184 calculix/206184 0 0 20 20
calculix_208367 calculix/208367 0 0 20 20
calculix_209822 calculix/209822 0 0 20 20
calculix_213911 calculix/213911 0 0 20 20
calculix_223088 calculix/223088 0 0 20 20
dealII_60 dealII/60 0 0 20 20
dealII_367 dealII/367 0 0 20 20
dealII_528 dealII/528 0 0 20 20
dealII_6100 dealII/6100 0 0 20 20
dealII_8524 dealII/8524 0 0 20 20
dealII_13284 dealII/13284 0 0 20 20
dealII_22552 dealII/22552 0 0 20 20
dealII_22932 dealII/22932 0 0 20 20
dealII_27136 dealII/27136 0 0 20 20
dealII_30433 dealII/30433 0 0 20 20
dealII_31900 dealII/31900 0 0 20 20
dealII_40645 dealII/40645 0 0 20 20
dealII_44216 dealII/44216 0 0 20 20
dealII_46524 dealII/46524 0 0 20 20
dealII_46561 dealII/46561 0 0 20 20
dealII_46884 dealII/46884 0 0 20 20
dealII_48113 dealII/48113 0 0 20 20
dealII_50985 dealII/50985 0 0 20 20
dealII_75291 dealII/75291 0 0 20 20
gamess_cytosine_41 gamess_cytosine/41 0 0 20 20
gamess_cytosine_2722 gamess_cytosine/2722 0 0 20 20
gamess_cytosine_8173 gamess_cytosine/8173 0 0 20 20
gamess_cytosine_9620 gamess_cytosine/9620 0 0 20 20
gamess_cytosine_16268 gamess_cytosine/16268 0 0 20 20
gamess_cytosine_21481 gamess_cytosine/21481 0 0 20 20
gamess_cytosine_29029 gamess_cytosine/29029 0 0 20 20
gamess_cytosine_32442 gamess_cytosine/32442 0 0 20 20
gamess_cytosine_37863 gamess_cytosine/37863 0 0 20 20
gamess_cytosine_41183 gamess_cytosine/41183 0 0 20 20
gamess_cytosine_49126 gamess_cytosine/49126 0 0 20 20
gamess_cytosine_52889 gamess_cytosine/52889 0 0 20 20
gamess_cytosine_53120 gamess_cytosine/53120 0 0 20 20
gamess_cytosine_53311 gamess_cytosine/53311 0 0 20 20
gamess_cytosine_56869 gamess_cytosine/56869 0 0 20 20
gamess_cytosine_59013 gamess_cytosine/59013 0 0 20 20
gamess_cytosine_63740 gamess_cytosine/63740 0 0 20 20
gamess_gradient_6765 gamess_gradient/6765 0 0 20 20
gamess_gradient_9673 gamess_gradient/9673 0 0 20 20
gamess_gradient_14231 gamess_gradient/14231 0 0 20 20
gamess_gradient_17639 gamess_gradient/17639 0 0 20 20
gamess_gradient_21492 gamess_gradient/21492 0 0 20 20
gamess_gradient_21599 gamess_gradient/21599 0 0 20 20
gamess_gradient_24894 gamess_gradient/24894 0 0 20 20
gamess_gradient_25488 gamess_gradient/25488 0 0 20 20
gamess_gradient_34061 gamess_gradient/34061 0 0 20 20
gamess_gradient_36884 gamess_gradient/36884 0 0 20 20
gamess_gradient_38002 gamess_gradient/38002 0 0 20 20
gamess_gradient_40161 gamess_gradient/40161 0 0 20 20
gamess_gradient_40445 gamess_gradient/40445 0 0 20 20
gamess_gradient_40702 gamess_gradient/40702 0 0 20 20
gamess_gradient_46701 gamess_gradient/46701 0 0 20 20
gamess_gradient_46991 gamess_gradient/46991 0 0 20 20
gamess_gradient_47333 gamess_gradient/47333 0 0 20 20
gamess_gradient_47668 gamess_gradient/47668 0 0 20 20
gamess_gradient_47927 gamess_gradient/47927 0 0 20 20
gamess_gradient_51187 gamess_gradient/51187 0 0 20 20
gamess_gradient_51397 gamess_gradient/51397 0 0 20 20
gamess_triazolium_5668 gamess_triazolium/5668 0 0 20 20
gamess_triazolium_8827 gamess_triazolium/8827 0 0 20 20
gamess_triazolium_21562 gamess_triazolium/21562 0 0 20 20
gamess_triazolium_32806 gamess_triazolium/32806 0 0 20 20
gamess_triazolium_33523 gamess_triazolium/33523 0 0 20 20
gamess_triazolium_55460 gamess_triazolium/55460 0 0 20 20
gamess_triazolium_57901 gamess_triazolium/57901 0 0 20 20
gamess_triazolium_68726 gamess_triazolium/68726 0 0 20 20
gamess_triazolium_72853 gamess_triazolium/72853 0 0 20 20
gamess_triazolium_97221 gamess_triazolium/97221 0 0 20 20
gamess_triazolium_110522 gamess_triazolium/110522 0 0 20 20
gamess_triazolium_113155 gamess_triazolium/113155 0 0 20 20
gamess_triazolium_126061 gamess_triazolium/126061 0 0 20 20
gamess_triazolium_138501 gamess_triazolium/138501 0 0 20 20
gamess_triazolium_144851 gamess_triazolium/144851 0 0 20 20
gamess_triazolium_169983 gamess_triazolium/169983 0 0 20 20
gamess_triazolium_187421 gamess_triazolium/187421 0 0 20 20
gamess_triazolium_188557 gamess_triazolium/188557 0 0 20 20
gamess_triazolium_188993 gamess_triazolium/188993 0 0 20 20
gamess_triazolium_190640 gamess_triazolium/190640 0 0 20 20
gamess_triazolium_200194 gamess_triazolium/200194 0 0 20 20
gamess_triazolium_202060 gamess_triazolium/202060 0 0 20 20
gamess_triazolium_202807 gamess_triazolium/202807 0 0 20 20
gcc_166_236 gcc_166/236 0 0 20 20
gcc_166_460 gcc_166/460 0 0 20 20
gcc_166_777 gcc_166/777 0 0 20 20
gcc_166_1210 gcc_166/1210 0 0 20 20
gcc_166_1228 gcc_166/1228 0 0 20 20
gcc_166_1231 gcc_166/1231 0 0 20 20
gcc_166_1379 gcc_166/1379 0 0 20 20
gcc_166_1478 gcc_166/1478 0 0 20 20
gcc_166_1590 gcc_166/1590 0 0 20 20
gcc_166_1834 gcc_166/1834 0 0 20 20
gcc_166_1981 gcc_166/1981 0 0 20 20
gcc_166_2005 gcc_166/2005 0 0 20 20
gcc_166_2061 gcc_166/2061 0 0 20 20
gcc_166_2083 gcc_166/2083 0 0 20 20
gcc_166_2128 gcc_166/2128 0 0 20 20
gcc_166_2335 gcc_166/2335 0 0 20 20
gcc_166_2418 gcc_166/2418 0 0 20 20
gcc_166_2550 gcc_166/2550 0 0 20 20
gcc_166_2706 gcc_166/2706 0 0 20 20
gcc_166_2882 gcc_166/2882 0 0 20 20
gcc_166_3024 gcc_166/3024 0 0 20 20
gcc_166_3080 gcc_166/3080 0 0 20 20
gcc_166_3160 gcc_166/3160 0 0 20 20
gcc_166_3419 gcc_166/3419 0 0 20 20
gcc_166_3511 gcc_166/3511 0 0 20 20
gcc_166_3594 gcc_166/3594 0 0 20 20
gcc_166_3610 gcc_166/3610 0 0 20 20
gcc_200_735 gcc_200/735 0 0 20 20
gcc_200_1320 gcc_200/1320 0 0 20 20
gcc_200_1417 gcc_200/1417 0 0 20 20
gcc_200_1526 gcc_200/1526 0 0 20 20
gcc_200_1611 gcc_200/1611 0 0 20 20
gcc_200_2513 gcc_200/2513 0 0 20 20
gcc_200_3570 gcc_200/3570 0 0 20 20
gcc_200_3809 gcc_200/3809 0 0 20 20
gcc_200_4115 gcc_200/4115 0 0 20 20
gcc_200_4348 gcc_200/4348 0 0 20 20
gcc_200_4627 gcc_200/4627 0 0 20 20
gcc_200_4920 gcc_200/4920 0 0 20 20
gcc_200_5091 gcc_200/5091 0 0 20 20
gcc_200_5261 gcc_200/5261 0 0 20 20
gcc_200_5353 gcc_200/5353 0 0 20 20
gcc_200_5582 gcc_200/5582 0 0 20 20
gcc_200_5946 gcc_200/5946 0 0 20 20
gcc_200_6333 gcc_200/6333 0 0 20 20
gcc_200_6455 gcc_200/6455 0 0 20 20
gcc_200_6506 gcc_200/6506 0 0 20 20
gcc_cpdecl_54 gcc_cpdecl/54 0 0 20 20
gcc_cpdecl_93 gcc_cpdecl/93 0 0 20 20
gcc_cpdecl_261 gcc_cpdecl/261 0 0 20 20
gcc_cpdecl_350 gcc_cpdecl/350 0 0 20 20
gcc_cpdecl_523 gcc_cpdecl/523 0 0 20 20
gcc_cpdecl_980 gcc_cpdecl/980 0 0 20 20
gcc_cpdecl_1168 gcc_cpdecl/1168 0 0 20 20
gcc_cpdecl_1207 gcc_cpdecl/1207 0 0 20 20
gcc_cpdecl_2557 gcc_cpdecl/2557 0 0 20 20
gcc_cpdecl_3455 gcc_cpdecl/3455 0 0 20 20
gcc_cpdecl_3808 gcc_cpdecl/3808 0 0 20 20
gcc_cpdecl_3838 gcc_cpdecl/3838 0 0 20 20
gcc_cpdecl_3845 gcc_cpdecl/3845 0 0 20 20
gcc_cpdecl_4395 gcc_cpdecl/4395 0 0 20 20
gcc_cpdecl_4616 gcc_cpdecl/4616 0 0 20 20
gcc_cpdecl_4787 gcc_cpdecl/4787 0 0 20 20
gcc_expr_260 gcc_expr/260 0 0 20 20
gcc_expr_535 gcc_expr/535 0 0 20 20
gcc_expr_648 gcc_expr/648 0 0 20 20
gcc_expr_976 gcc_expr/976 0 0 20 20
gcc_expr_1595 gcc_expr/1595 0 0 20 20
gcc_expr_1805 gcc_expr/1805 0 0 20 20
gcc_expr_2383 gcc_expr/2383 0 0 20 20
gcc_expr_3152 gcc_expr/3152 0 0 20 20
gcc_expr_3824 gcc_expr/3824 0 0 20 20
gcc_expr_3960 gcc_expr/3960 0 0 20 20
gcc_expr_4211 gcc_expr/4211 0 0 20 20
gcc_expr_4456 gcc_expr/4456 0 0 20 20
gcc_expr_4827 gcc_expr/4827 0 0 20 20
gcc_expr_5226 gcc_expr/5226 0 0 20 20
gcc_expr_5281 gcc_expr/5281 0 0 20 20
gcc_expr2_56 gcc_expr2/56 0 0 20 20
gcc_expr2_306 gcc_expr2/306 0 0 20 20
gcc_expr2_800 gcc_expr2/800 0 0 20 20
gcc_expr2_828 gcc_expr2/828 0 0 20 20
gcc_expr2_1326 gcc_expr2/1326 0 0 20 20
gcc_expr2_1530 gcc_expr2/1530 0 0 20 20
gcc_expr2_1587 gcc_expr2/1587 0 0 20 20
gcc_expr2_1692 gcc_expr2/1692 0 0 20 20
gcc_expr2_2375 gcc_expr2/2375 0 0 20 20
gcc_expr2_2914 gcc_expr2/2914 0 0 20 20
gcc_expr2_3049 gcc_expr2/3049 0 0 20 20
gcc_expr2_4065 gcc_expr2/4065 0 0 20 20
gcc_expr2_4732 gcc_expr2/4732 0 0 20 20
gcc_expr2_5828 gcc_expr2/5828 0 0 20 20
gcc_expr2_5948 gcc_expr2/5948 0 0 20 20
gcc_expr2_6059 gcc_expr2/6059 0 0 20 20
gcc_expr2_6410 gcc_expr2/6410 0 0 20 20
gcc_expr2_7202 gcc_expr2/7202 0 0 20 20
gcc_g23_589 gcc_g23/589 0 0 20 20
gcc_g23_1463 gcc_g23/1463 0 0 20 20
gcc_g23_1816 gcc_g23/1816 0 0 20 20
gcc_g23_1844 gcc_g23/1844 0 0 20 20
gcc_g23_1933 gcc_g23/1933 0 0 20 20
gcc_g23_2356 gcc_g23/2356 0 0 20 20
gcc_g23_2671 gcc_g23/2671 0 0 20 20
gcc_g23_3283 gcc_g23/3283 0 0 20 20
gcc_g23_4651 gcc_g23/4651 0 0 20 20
gcc_g23_4990 gcc_g23/4990 0 0 20 20
gcc_g23_5462 gcc_g23/5462 0 0 20 20
gcc_g23_6074 gcc_g23/6074 0 0 20 20
gcc_g23_6469 gcc_g23/6469 0 0 20 20
gcc_g23_6891 gcc_g23/6891 0 0 20 20
gcc_g23_7398 gcc_g23/7398 0 0 20 20
gcc_g23_7590 gcc_g23/7590 0 0 20 20
gcc_g23_8091 gcc_g23/8091 0 0 20 20
gcc_g23_8095 gcc_g23/8095 0 0 20 20
gcc_g23_9388 gcc_g23/9388 0 0 20 20
gcc_s04_74 gcc_s04/74 0 0 20 20
gcc_s04_143 gcc_s04/143 0 0 20 20
gcc_s04_310 gcc_s04/310 0 0 20 20
gcc_s04_674 gcc_s04/674 0 0 20 20
gcc_s04_812 gcc_s04/812 0 0 20 20
gcc_s04_856 gcc_s04/856 0 0 20 20
gcc_s04_2064 gcc_s04/2064 0 0 20 20
gcc_s04_2569 gcc_s04/2569 0 0 20 20
gcc_s04_2786 gcc_s04/2786 0 0 20 20
gcc_s04_3355 gcc_s04/3355 0 0 20 20
gcc_s04_4013 gcc_s04/4013 0 0 20 20
gcc_s04_4641 gcc_s04/4641 0 0 20 20
gcc_s04_5187 gcc_s04/5187 0 0 20 20
gcc_s04_7456 gcc_s04/7456 0 0 20 20
gcc_s04_7595 gcc_s04/7595 0 0 20 20
gcc_s04_8001 gcc_s04/8001 0 0 20 20
gcc_s04_8150 gcc_s04/8150 0 0 20 20
gcc_s04_8238 gcc_s04/8238 0 0 20 20
gcc_scilab_8 gcc_scilab/8 0 0 20 20
gcc_scilab_53 gcc_scilab/53 0 0 20 20
gcc_scilab_96 gcc_scilab/96 0 0 20 20
gcc_scilab_252 gcc_scilab/252 0 0 20 20
gcc_scilab_345 gcc_scilab/345 0 0 20 20
gcc_scilab_465 gcc_scilab/465 0 0 20 20
gcc_scilab_663 gcc_scilab/663 0 0 20 20
gcc_scilab_765 gcc_scilab/765 0 0 20 20
gcc_scilab_985 gcc_scilab/985 0 0 20 20
gcc_scilab_1129 gcc_scilab/1129 0 0 20 20
gcc_scilab_1232 gcc_scilab/1232 0 0 20 20
gcc_scilab_1385 gcc_scilab/1385 0 0 20 20
gcc_scilab_1534 gcc_scilab/1534 0 0 20 20
gcc_scilab_1643 gcc_scilab/1643 0 0 20 20
gcc_scilab_1733 gcc_scilab/1733 0 0 20 20
gcc_scilab_1833 gcc_scilab/1833 0 0 20 20
gcc_scilab_1870 gcc_scilab/1870 0 0 20 20
gcc_scilab_2140 gcc_scilab/2140 0 0 20 20
gcc_scilab_2305 gcc_scilab/2305 0 0 20 20
gcc_scilab_2437 gcc_scilab/2437 0 0 20 20
gcc_scilab_2621 gcc_scilab/2621 0 0 20 20
gcc_scilab_2750 gcc_scilab/2750 0 0 20 20
gcc_typeck_33 gcc_typeck/33 0 0 20 20
gcc_typeck_402 gcc_typeck/402 0 0 20 20
gcc_typeck_505 gcc_typeck/505 0 0 20 20
gcc_typeck_1579 gcc_typeck/1579 0 0 20 20
gcc_typeck_1638 gcc_typeck/1638 0 0 20 20
gcc_typeck_1654 gcc_typeck/1654 0 0 20 20
gcc_typeck_1737 gcc_typeck/1737 0 0 20 20
gcc_typeck_2298 gcc_typeck/2298 0 0 20 20
gcc_typeck_2950 gcc_typeck/2950 0 0 20 20
gcc_typeck_3040 gcc_typeck/3040 0 0 20 20
gcc_typeck_3627 gcc_typeck/3627 0 0 20 20
gcc_typeck_4298 gcc_typeck/4298 0 0 20 20
gcc_typeck_5174 gcc_typeck/5174 0 0 20 20
gcc_typeck_5204 gcc_typeck/5204 0 0 20 20
gcc_typeck_5550 gcc_typeck/5550 0 0 20 20
gcc_typeck_6035 gcc_typeck/6035 0 0 20 20
gcc_typeck_6127 gcc_typeck/6127 0 0 20 20
gcc_typeck_6222 gcc_typeck/6222 0 0 20 20
gcc_typeck_6328 gcc_typeck/6328 0 0 20 20
gcc_typeck_6353 gcc_typeck/6353 0 0 20 20
gcc_typeck_6723 gcc_typeck/6723 0 0 20 20
gobmk_13x13_468 gobmk_13x13/468 0 0 20 20
gobmk_13x13_2138 gobmk_13x13/2138 0 0 20 20
gobmk_13x13_2207 gobmk_13x13/2207 0 0 20 20
gobmk_13x13_2604 gobmk_13x13/2604 0 0 20 20
gobmk_13x13_4794 gobmk_13x13/4794 0 0 20 20
gobmk_13x13_5126 gobmk_13x13/5126 0 0 20 20
gobmk_13x13_5253 gobmk_13x13/5253 0 0 20 20
gobmk_13x13_5918 gobmk_13x13/5918 0 0 20 20
gobmk_13x13_6013 gobmk_13x13/6013 0 0 20 20
gobmk_13x13_6418 gobmk_13x13/6418 0 0 20 20
gobmk_13x13_6751 gobmk_13x13/6751 0 0 20 20
gobmk_13x13_6887 gobmk_13x13/6887 0 0 20 20
gobmk_13x13_7053 gobmk_13x13/7053 0 0 20 20
gobmk_13x13_7906 gobmk_13x13/7906 0 0 20 20
gobmk_13x13_8836 gobmk_13x13/8836 0 0 20 20
gobmk_nngs_746 gobmk_nngs/746 0 0 20 20
gobmk_nngs_1847 gobmk_nngs/1847 0 0 20 20
gobmk_nngs_2058 gobmk_nngs/2058 0 0 20 20
gobmk_nngs_4879 gobmk_nngs/4879 0 0 20 20
gobmk_nngs_6637 gobmk_nngs/6637 0 0 20 20
gobmk_nngs_8125 gobmk_nngs/8125 0 0 20 20
gobmk_nngs_13946 gobmk_nngs/13946 0 0 20 20
gobmk_nngs_16598 gobmk_nngs/16598 0 0 20 20
gobmk_nngs_16831 gobmk_nngs/16831 0 0 20 20
gobmk_nngs_18542 gobmk_nngs/18542 0 0 20 20
gobmk_nngs_19767 gobmk_nngs/19767 0 0 20 20
gobmk_nngs_24589 gobmk_nngs/24589 0 0 20 20
gobmk_nngs_25319 gobmk_nngs/25319 0 0 20 20
gobmk_nngs_26406 gobmk_nngs/26406 0 0 20 20
gobmk_nngs_26556 gobmk_nngs/26556 0 0 20 20
gobmk_nngs_26668 gobmk_nngs/26668 0 0 20 20
gobmk_nngs_28760 gobmk_nngs/28760 0 0 20 20
gobmk_score2_416 gobmk_score2/416 0 0 20 20
gobmk_score2_1062 gobmk_score2/1062 0 0 20 20
gobmk_score2_1138 gobmk_score2/1138 0 0 20 20
gobmk_score2_1454 gobmk_score2/1454 0 0 20 20
gobmk_score2_1751 gobmk_score2/1751 0 0 20 20
gobmk_score2_2427 gobmk_score2/2427 0 0 20 20
gobmk_score2_6358 gobmk_score2/6358 0 0 20 20
gobmk_score2_6399 gobmk_score2/6399 0 0 20 20
gobmk_score2_6400 gobmk_score2/6400 0 0 20 20
gobmk_score2_6401 gobmk_score2/6401 0 0 20 20
gobmk_score2_8731 gobmk_score2/8731 0 0 20 20
gobmk_score2_10643 gobmk_score2/10643 0 0 20 20
gobmk_score2_11222 gobmk_score2/11222 0 0 20 20
gobmk_score2_12202 gobmk_score2/12202 0 0 20 20
gobmk_score2_14688 gobmk_score2/14688 0 0 20 20
gobmk_trevorc_5 gobmk_trevorc/5 0 0 20 20
gobmk_trevorc_58 gobmk_trevorc/58 0 0 20 20
gobmk_trevorc_344 gobmk_trevorc/344 0 0 20 20
gobmk_trevorc_3683 gobmk_trevorc/3683 0 0 20 20
gobmk_trevorc_3781 gobmk_trevorc/3781 0 0 20 20
gobmk_trevorc_4862 gobmk_trevorc/4862 0 0 20 20
gobmk_trevorc_5241 gobmk_trevorc/5241 0 0 20 20
gobmk_trevorc_5525 gobmk_trevorc/5525 0 0 20 20
gobmk_trevorc_6872 gobmk_trevorc/6872 0 0 20 20
gobmk_trevorc_7597 gobmk_trevorc/7597 0 0 20 20
gobmk_trevorc_8277 gobmk_trevorc/8277 0 0 20 20
gobmk_trevorc_8854 gobmk_trevorc/8854 0 0 20 20
gobmk_trevorc_9339 gobmk_trevorc/9339 0 0 20 20
gobmk_trevorc_9678 gobmk_trevorc/9678 0 0 20 20
gobmk_trevorc_10057 gobmk_trevorc/10057 0 0 20 20
gobmk_trevorc_10071 gobmk_trevorc/10071 0 0 20 20
gobmk_trevorc_11124 gobmk_trevorc/11124 0 0 20 20
gobmk_trevorc_11201 gobmk_trevorc/11201 0 0 20 20
gobmk_trevord_699 gobmk_trevord/699 0 0 20 20
gobmk_trevord_3001 gobmk_trevord/3001 0 0 20 20
gobmk_trevord_3282 gobmk_trevord/3282 0 0 20 20
gobmk_trevord_3370 gobmk_trevord/3370 0 0 20 20
gobmk_trevord_4101 gobmk_trevord/4101 0 0 20 20
gobmk_trevord_4964 gobmk_trevord/4964 0 0 20 20
gobmk_trevord_6501 gobmk_trevord/6501 0 0 20 20
gobmk_trevord_8786 gobmk_trevord/8786 0 0 20 20
gobmk_trevord_9477 gobmk_trevord/9477 0 0 20 20
gobmk_trevord_9795 gobmk_trevord/9795 0 0 20 20
gobmk_trevord_10312 gobmk_trevord/10312 0 0 20 20
gobmk_trevord_11308 gobmk_trevord/11308 0 0 20 20
gobmk_trevord_11473 gobmk_trevord/11473 0 0 20 20
gobmk_trevord_12131 gobmk_trevord/12131 0 0 20 20
gobmk_trevord_12241 gobmk_trevord/12241 0 0 20 20
gobmk_trevord_13676 gobmk_trevord/13676 0 0 20 20
gobmk_trevord_14295 gobmk_trevord/14295 0 0 20 20
gobmk_trevord_14461 gobmk_trevord/14461 0 0 20 20
gromacs_68 gromacs/68 0 0 20 20
gromacs_1013 gromacs/1013 0 0 20 20
gromacs_2557 gromacs/2557 0 0 20 20
gromacs_2971 gromacs/2971 0 0 20 20
gromacs_3393 gromacs/3393 0 0 20 20
gromacs_5591 gromacs/5591 0 0 20 20
gromacs_9896 gromacs/9896 0 0 20 20
gromacs_28186 gromacs/28186 0 0 20 20
gromacs_28487 gromacs/28487 0 0 20 20
gromacs_30298 gromacs/30298 0 0 20 20
gromacs_31795 gromacs/31795 0 0 20 20
gromacs_35669 gromacs/35669 0 0 20 20
gromacs_35945 gromacs/35945 0 0 20 20
gromacs_36635 gromacs/36635 0 0 20 20
gromacs_37776 gromacs/37776 0 0 20 20
gromacs_40115 gromacs/40115 0 0 20 20
gromacs_43086 gromacs/43086 0 0 20 20
gromacs_56377 gromacs/56377 0 0 20 20
gromacs_61800 gromacs/61800 0 0 20 20
gromacs_62189 gromacs/62189 0 0 20 20
gromacs_62421 gromacs/62421 0 0 20 20
gromacs_64227 gromacs/64227 0 0 20 20
h264ref_foreman.baseline_691 h264ref_foreman.baseline/691 0 0 20 20
h264ref_foreman.baseline_1126 h264ref_foreman.baseline/1126 0 0 20 20
h264ref_foreman.baseline_1753 h264ref_foreman.baseline/1753 0 0 20 20
h264ref_foreman.baseline_3696 h264ref_foreman.baseline/3696 0 0 20 20
h264ref_foreman.baseline_5107 h264ref_foreman.baseline/5107 0 0 20 20
h264ref_foreman.baseline_8720 h264ref_foreman.baseline/8720 0 0 20 20
h264ref_foreman.baseline_11500 h264ref_foreman.baseline/11500 0 0 20 20
h264ref_foreman.baseline_12028 h264ref_foreman.baseline/12028 0 0 20 20
h264ref_foreman.baseline_13585 h264ref_foreman.baseline/13585 0 0 20 20
h264ref_foreman.baseline_13870 h264ref_foreman.baseline/13870 0 0 20 20
h264ref_foreman.baseline_16268 h264ref_foreman.baseline/16268 0 0 20 20
h264ref_foreman.baseline_17663 h264ref_foreman.baseline/17663 0 0 20 20
h264ref_foreman.baseline_20396 h264ref_foreman.baseline/20396 0 0 20 20
h264ref_foreman.baseline_20409 h264ref_foreman.baseline/20409 0 0 20 20
h264ref_foreman.baseline_21634 h264ref_foreman.baseline/21634 0 0 20 20
h264ref_foreman.baseline_26123 h264ref_foreman.baseline/26123 0 0 20 20
h264ref_foreman.main_835 h264ref_foreman.main/835 0 0 20 20
h264ref_foreman.main_3617 h264ref_foreman.main/3617 0 0 20 20
h264ref_foreman.main_3767 h264ref_foreman.main/3767 0 0 20 20
h264ref_foreman.main_7411 h264ref_foreman.main/7411 0 0 20 20
h264ref_foreman.main_8620 h264ref_foreman.main/8620 0 0 20 20
h264ref_foreman.main_8647 h264ref_foreman.main/8647 0 0 20 20
h264ref_foreman.main_8962 h264ref_foreman.main/8962 0 0 20 20
h264ref_foreman.main_9544 h264ref_foreman.main/9544 0 0 20 20
h264ref_foreman.main_10334 h264ref_foreman.main/10334 0 0 20 20
h264ref_foreman.main_12573 h264ref_foreman.main/12573 0 0 20 20
h264ref_foreman.main_15203 h264ref_foreman.main/15203 0 0 20 20
h264ref_foreman.main_17362 h264ref_foreman.main/17362 0 0 20 20
h264ref_foreman.main_21785 h264ref_foreman.main/21785 0 0 20 20
h264ref_foreman.main_21988 h264ref_foreman.main/21988 0 0 20 20
h264ref_foreman.main_22568 h264ref_foreman.main/22568 0 0 20 20
h264ref_foreman.main_22782 h264ref_foreman.main/22782 0 0 20 20
h264ref_foreman.main_22915 h264ref_foreman.main/22915 0 0 20 20
h264ref_sss_5661 h264ref_sss/5661 0 0 20 20
h264ref_sss_6239 h264ref_sss/6239 0 0 20 20
h264ref_sss_7275 h264ref_sss/7275 0 0 20 20
h264ref_sss_74973 h264ref_sss/74973 0 0 20 20
h264ref_sss_80447 h264ref_sss/80447 0 0 20 20
h264ref_sss_82389 h264ref_sss/82389 0 0 20 20
h264ref_sss_84051 h264ref_sss/84051 0 0 20 20
h264ref_sss_85542 h264ref_sss/85542 0 0 20 20
h264ref_sss_95513 h264ref_sss/95513 0 0 20 20
h264ref_sss_117206 h264ref_sss/117206 0 0 20 20
h264ref_sss_117902 h264ref_sss/117902 0 0 20 20
h264ref_sss_146215 h264ref_sss/146215 0 0 20 20
h264ref_sss_162145 h264ref_sss/162145 0 0 20 20
h264ref_sss_162557 h264ref_sss/162557 0 0 20 20
h264ref_sss_175497 h264ref_sss/175497 0 0 20 20
h264ref_sss_190130 h264ref_sss/190130 0 0 20 20
h264ref_sss_194236 h264ref_sss/194236 0 0 20 20
h264ref_sss_200304 h264ref_sss/200304 0 0 20 20
h264ref_sss_216624 h264ref_sss/216624 0 0 20 20
hmmer_nph3_0 hmmer_nph3/0 0 0 20 20
hmmer_nph3_292 hmmer_nph3/292 0 0 20 20
hmmer_nph3_293 hmmer_nph3/293 0 0 20 20
hmmer_nph3_1637 hmmer_nph3/1637 0 0 20 20
hmmer_nph3_10449 hmmer_nph3/10449 0 0 20 20
hmmer_nph3_18465 hmmer_nph3/18465 0 0 20 20
hmmer_nph3_18593 hmmer_nph3/18593 0 0 20 20
hmmer_nph3_42087 hmmer_nph3/42087 0 0 20 20
hmmer_nph3_45306 hmmer_nph3/45306 0 0 20 20
hmmer_nph3_47886 hmmer_nph3/47886 0 0 20 20
hmmer_nph3_49227 hmmer_nph3/49227 0 0 20 20
hmmer_nph3_49457 hmmer_nph3/49457 0 0 20 20
hmmer_retro_0 hmmer_retro/0 0 0 20 20
hmmer_retro_15 hmmer_retro/15 0 0 20 20
hmmer_retro_7349 hmmer_retro/7349 0 0 20 20
hmmer_retro_8249 hmmer_retro/8249 0 0 20 20
hmmer_retro_12845 hmmer_retro/12845 0 0 20 20
hmmer_retro_26493 hmmer_retro/26493 0 0 20 20
hmmer_retro_35786 hmmer_retro/35786 0 0 20 20
hmmer_retro_43944 hmmer_retro/43944 0 0 20 20
hmmer_retro_48615 hmmer_retro/48615 0 0 20 20
hmmer_retro_66025 hmmer_retro/66025 0 0 20 20
hmmer_retro_73024 hmmer_retro/73024 0 0 20 20
hmmer_retro_88009 hmmer_retro/88009 0 0 20 20
hmmer_retro_92219 hmmer_retro/92219 0 0 20 20
hmmer_retro_92233 hmmer_retro/92233 0 0 20 20
hmmer_retro_99313 hmmer_retro/99313 0 0 20 20
hmmer_retro_103765 hmmer_retro/103765 0 0 20 20
hmmer_retro_104199 hmmer_retro/104199 0 0 20 20
hmmer_retro_110296 hmmer_retro/110296 0 0 20 20
hmmer_retro_111624 hmmer_retro/111624 0 0 20 20
hmmer_retro_112017 hmmer_retro/112017 0 0 20 20
hmmer_retro_119904 hmmer_retro/119904 0 0 20 20
lbm_28600 lbm/28600 0 0 20 20
lbm_36986 lbm/36986 0 0 20 20
lbm_41914 lbm/41914 0 0 20 20
lbm_47029 lbm/47029 0 0 20 20
leslie3d_50 leslie3d/50 0 0 20 20
leslie3d_1164 leslie3d/1164 0 0 20 20
leslie3d_8116 leslie3d/8116 0 0 20 20
leslie3d_8741 leslie3d/8741 0 0 20 20
leslie3d_11410 leslie3d/11410 0 0 20 20
leslie3d_20945 leslie3d/20945 0 0 20 20
leslie3d_22585 leslie3d/22585 0 0 20 20
leslie3d_23860 leslie3d/23860 0 0 20 20
leslie3d_27089 leslie3d/27089 0 0 20 20
leslie3d_33473 leslie3d/33473 0 0 20 20
leslie3d_39950 leslie3d/39950 0 0 20 20
leslie3d_41166 leslie3d/41166 0 0 20 20
leslie3d_42136 leslie3d/42136 0 0 20 20
leslie3d_43582 leslie3d/43582 0 0 20 20
leslie3d_47035 leslie3d/47035 0 0 20 20
leslie3d_47505 leslie3d/47505 0 0 20 20
leslie3d_59598 leslie3d/59598 0 0 20 20
leslie3d_60905 leslie3d/60905 0 0 20 20
leslie3d_62826 leslie3d/62826 0 0 20 20
leslie3d_66879 leslie3d/66879 0 0 20 20
leslie3d_88168 leslie3d/88168 0 0 20 20
leslie3d_88584 leslie3d/88584 0 0 20 20
leslie3d_92402 leslie3d/92402 0 0 20 20
leslie3d_99172 leslie3d/99172 0 0 20 20
libquantum_13936 libquantum/13936 0 0 20 20
libquantum_31395 libquantum/31395 0 0 20 20
libquantum_32364 libquantum/32364 0 0 20 20
libquantum_37407 libquantum/37407 0 0 20 20
libquantum_44753 libquantum/44753 0 0 20 20
libquantum_45116 libquantum/45116 0 0 20 20
libquantum_50197 libquantum/50197 0 0 20 20
libquantum_51506 libquantum/51506 0 0 20 20
libquantum_53083 libquantum/53083 0 0 20 20
libquantum_56107 libquantum/56107 0 0 20 20
libquantum_60808 libquantum/60808 0 0 20 20
libquantum_76453 libquantum/76453 0 0 20 20
libquantum_80533 libquantum/80533 0 0 20 20
libquantum_82276 libquantum/82276 0 0 20 20
libquantum_85933 libquantum/85933 0 0 20 20
libquantum_87346 libquantum/87346 0 0 20 20
libquantum_94629 libquantum/94629 0 0 20 20
libquantum_100559 libquantum/100559 0 0 20 20
libquantum_101055 libquantum/101055 0 0 20 20
libquantum_102455 libquantum/102455 0 0 20 20
libquantum_102931 libquantum/102931 0 0 20 20
libquantum_103887 libquantum/103887 0 0 20 20
mcf_403 mcf/403 0 0 20 20
mcf_1068 mcf/1068 0 0 20 20
mcf_1557 mcf/1557 0 0 20 20
mcf_3704 mcf/3704 0 0 20 20
mcf_4646 mcf/4646 0 0 20 20
mcf_4659 mcf/4659 0 0 20 20
mcf_5712 mcf/5712 0 0 20 20
mcf_5827 mcf/5827 0 0 20 20
mcf_6251 mcf/6251 0 0 20 20
mcf_7102 mcf/7102 0 0 20 20
mcf_7557 mcf/7557 0 0 20 20
mcf_8750 mcf/8750 0 0 20 20
mcf_8756 mcf/8756 0 0 20 20
mcf_9176 mcf/9176 0 0 20 20
mcf_9213 mcf/9213 0 0 20 20
mcf_9575 mcf/9575 0 0 20 20
mcf_10438 mcf/10438 0 0 20 20
mcf_10538 mcf/10538 0 0 20 20
mcf_10622 mcf/10622 0 0 20 20
mcf_10743 mcf/10743 0 0 20 20
mcf_10900 mcf/10900 0 0 20 20
mcf_11114 mcf/11114 0 0 20 20
mcf_12047 mcf/12047 0 0 20 20
mcf_12206 mcf/12206 0 0 20 20
mcf_12923 mcf/12923 0 0 20 20
mcf_13345 mcf/13345 0 0 20 20
mcf_13499 mcf/13499 0 0 20 20
mcf_13813 mcf/13813 0 0 20 20
mcf_14336 mcf/14336 0 0 20 20
mcf_14582 mcf/14582 0 0 20 20
milc_51 milc/51 0 0 20 20
milc_3470 milc/3470 0 0 20 20
milc_6943 milc/6943 0 0 20 20
milc_8321 milc/8321 0 0 20 20
milc_11631 milc/11631 0 0 20 20
milc_13905 milc/13905 0 0 20 20
milc_14068 milc/14068 0 0 20 20
milc_14136 milc/14136 0 0 20 20
milc_14939 milc/14939 0 0 20 20
milc_18176 milc/18176 0 0 20 20
milc_18854 milc/18854 0 0 20 20
milc_18880 milc/18880 0 0 20 20
milc_20124 milc/20124 0 0 20 20
milc_21489 milc/21489 0 0 20 20
milc_21589 milc/21589 0 0 20 20
milc_26611 milc/26611 0 0 20 20
milc_27134 milc/27134 0 0 20 20
milc_27726 milc/27726 0 0 20 20
milc_27998 milc/27998 0 0 20 20
milc_28455 milc/28455 0 0 20 20
milc_29151 milc/29151 0 0 20 20
milc_29217 milc/29217 0 0 20 20
milc_32008 milc/32008 0 0 20 20
milc_32828 milc/32828 0 0 20 20
milc_37417 milc/37417 0 0 20 20
milc_39369 milc/39369 0 0 20 20
namd_2361 namd/2361 0 0 20 20
namd_10410 namd/10410 0 0 20 20
namd_11206 namd/11206 0 0 20 20
namd_15144 namd/15144 0 0 20 20
namd_21835 namd/21835 0 0 20 20
namd_23823 namd/23823 0 0 20 20
namd_23898 namd/23898 0 0 20 20
namd_24789 namd/24789 0 0 20 20
namd_32413 namd/32413 0 0 20 20
namd_36451 namd/36451 0 0 20 20
namd_39348 namd/39348 0 0 20 20
namd_41426 namd/41426 0 0 20 20
namd_47594 namd/47594 0 0 20 20
namd_61659 namd/61659 0 0 20 20
namd_69105 namd/69105 0 0 20 20
namd_74925 namd/74925 0 0 20 20
namd_78540 namd/78540 0 0 20 20
namd_80234 namd/80234 0 0 20 20
namd_87644 namd/87644 0 0 20 20
namd_94121 namd/94121 0 0 20 20
namd_96068 namd/96068 0 0 20 20
omnetpp_116 omnetpp/116 0 0 20 20
omnetpp_251 omnetpp/251 0 0 20 20
omnetpp_540 omnetpp/540 0 0 20 20
omnetpp_1003 omnetpp/1003 0 0 20 20
omnetpp_3211 omnetpp/3211 0 0 20 20
omnetpp_3982 omnetpp/3982 0 0 20 20
omnetpp_4380 omnetpp/4380 0 0 20 20
omnetpp_4659 omnetpp/4659 0 0 20 20
omnetpp_5925 omnetpp/5925 0 0 20 20
omnetpp_6498 omnetpp/6498 0 0 20 20
omnetpp_6928 omnetpp/6928 0 0 20 20
omnetpp_7255 omnetpp/7255 0 0 20 20
omnetpp_7545 omnetpp/7545 0 0 20 20
omnetpp_7810 omnetpp/7810 0 0 20 20
omnetpp_7948 omnetpp/7948 0 0 20 20
omnetpp_8191 omnetpp/8191 0 0 20 20
omnetpp_8456 omnetpp/8456 0 0 20 20
omnetpp_12773 omnetpp/12773 0 0 20 20
omnetpp_16097 omnetpp/16097 0 0 20 20
omnetpp_16608 omnetpp/16608 0 0 20 20
omnetpp_17404 omnetpp/17404 0 0 20 20
omnetpp_18106 omnetpp/18106 0 0 20 20
omnetpp_22371 omnetpp/22371 0 0 20 20
omnetpp_22812 omnetpp/22812 0 0 20 20
omnetpp_22896 omnetpp/22896 0 0 20 20
omnetpp_24353 omnetpp/24353 0 0 20 20
omnetpp_24567 omnetpp/24567 0 0 20 20
omnetpp_24615 omnetpp/24615 0 0 20 20
perlbench_checkspam_317 perlbench_checkspam/317 0 0 20 20
perlbench_checkspam_3716 perlbench_checkspam/3716 0 0 20 20
perlbench_checkspam_5631 perlbench_checkspam/5631 0 0 20 20
perlbench_checkspam_8864 perlbench_checkspam/8864 0 0 20 20
perlbench_checkspam_12090 perlbench_checkspam/12090 0 0 20 20
perlbench_checkspam_12177 perlbench_checkspam/12177 0 0 20 20
perlbench_checkspam_18020 perlbench_checkspam/18020 0 0 20 20
perlbench_checkspam_22460 perlbench_checkspam/22460 0 0 20 20
perlbench_checkspam_23547 perlbench_checkspam/23547 0 0 20 20
perlbench_checkspam_33456 perlbench_checkspam/33456 0 0 20 20
perlbench_checkspam_33722 perlbench_checkspam/33722 0 0 20 20
perlbench_checkspam_34931 perlbench_checkspam/34931 0 0 20 20
perlbench_checkspam_38086 perlbench_checkspam/38086 0 0 20 20
perlbench_checkspam_41087 perlbench_checkspam/41087 0 0 20 20
perlbench_checkspam_41973 perlbench_checkspam/41973 0 0 20 20
perlbench_checkspam_46273 perlbench_checkspam/46273 0 0 20 20
perlbench_checkspam_50292 perlbench_checkspam/50292 0 0 20 20
perlbench_checkspam_53399 perlbench_checkspam/53399 0 0 20 20
perlbench_diffmail_9 perlbench_diffmail/9 0 0 20 20
perlbench_diffmail_51 perlbench_diffmail/51 0 0 20 20
perlbench_diffmail_3202 perlbench_diffmail/3202 0 0 20 20
perlbench_diffmail_3990 perlbench_diffmail/3990 0 0 20 20
perlbench_diffmail_3995 perlbench_diffmail/3995 0 0 20 20
perlbench_diffmail_10915 perlbench_diffmail/10915 0 0 20 20
perlbench_diffmail_12446 perlbench_diffmail/12446 0 0 20 20
perlbench_diffmail_13943 perlbench_diffmail/13943 0 0 20 20
perlbench_diffmail_15061 perlbench_diffmail/15061 0 0 20 20
perlbench_diffmail_16398 perlbench_diffmail/16398 0 0 20 20
perlbench_diffmail_16667 perlbench_diffmail/16667 0 0 20 20
perlbench_diffmail_21009 perlbench_diffmail/21009 0 0 20 20
perlbench_splitmail_988 perlbench_splitmail/988 0 0 20 20
perlbench_splitmail_1634 perlbench_splitmail/1634 0 0 20 20
perlbench_splitmail_3525 perlbench_splitmail/3525 0 0 20 20
perlbench_splitmail_3663 perlbench_splitmail/3663 0 0 20 20
perlbench_splitmail_4889 perlbench_splitmail/4889 0 0 20 20
perlbench_splitmail_5047 perlbench_splitmail/5047 0 0 20 20
perlbench_splitmail_6172 perlbench_splitmail/6172 0 0 20 20
perlbench_splitmail_7552 perlbench_splitmail/7552 0 0 20 20
perlbench_splitmail_12998 perlbench_splitmail/12998 0 0 20 20
perlbench_splitmail_21139 perlbench_splitmail/21139 0 0 20 20
perlbench_splitmail_26694 perlbench_splitmail/26694 0 0 20 20
perlbench_splitmail_29377 perlbench_splitmail/29377 0 0 20 20
perlbench_splitmail_30382 perlbench_splitmail/30382 0 0 20 20
perlbench_splitmail_31959 perlbench_splitmail/31959 0 0 20 20
povray_1734 povray/1734 0 0 20 20
povray_2284 povray/2284 0 0 20 20
povray_3327 povray/3327 0 0 20 20
povray_4985 povray/4985 0 0 20 20
povray_13008 povray/13008 0 0 20 20
povray_13248 povray/13248 0 0 20 20
povray_13919 povray/13919 0 0 20 20
povray_15227 povray/15227 0 0 20 20
povray_15676 povray/15676 0 0 20 20
povray_16906 povray/16906 0 0 20 20
povray_17286 povray/17286 0 0 20 20
povray_22634 povray/22634 0 0 20 20
povray_22974 povray/22974 0 0 20 20
povray_23007 povray/23007 0 0 20 20
povray_27407 povray/27407 0 0 20 20
povray_31318 povray/31318 0 0 20 20
povray_36949 povray/36949 0 0 20 20
povray_40455 povray/40455 0 0 20 20
povray_41848 povray/41848 0 0 20 20
povray_44092 povray/44092 0 0 20 20
sjeng_2311 sjeng/2311 0 0 20 20
sjeng_3133 sjeng/3133 0 0 20 20
sjeng_5386 sjeng/5386 0 0 20 20
sjeng_18644 sjeng/18644 0 0 20 20
sjeng_19363 sjeng/19363 0 0 20 20
sjeng_36075 sjeng/36075 0 0 20 20
sjeng_42187 sjeng/42187 0 0 20 20
sjeng_58222 sjeng/58222 0 0 20 20
sjeng_61292 sjeng/61292 0 0 20 20
sjeng_63095 sjeng/63095 0 0 20 20
sjeng_65811 sjeng/65811 0 0 20 20
sjeng_75224 sjeng/75224 0 0 20 20
sjeng_99801 sjeng/99801 0 0 20 20
sjeng_101074 sjeng/101074 0 0 20 20
sjeng_122623 sjeng/122623 0 0 20 20
soplex_pds-50_20 soplex_pds-50/20 0 0 20 20
soplex_pds-50_483 soplex_pds-50/483 0 0 20 20
soplex_pds-50_1030 soplex_pds-50/1030 0 0 20 20
soplex_pds-50_1166 soplex_pds-50/1166 0 0 20 20
soplex_pds-50_3016 soplex_pds-50/3016 0 0 20 20
soplex_pds-50_3374 soplex_pds-50/3374 0 0 20 20
soplex_pds-50_6597 soplex_pds-50/6597 0 0 20 20
soplex_pds-50_7098 soplex_pds-50/7098 0 0 20 20
soplex_pds-50_7122 soplex_pds-50/7122 0 0 20 20
soplex_pds-50_7832 soplex_pds-50/7832 0 0 20 20
soplex_pds-50_8236 soplex_pds-50/8236 0 0 20 20
soplex_pds-50_8496 soplex_pds-50/8496 0 0 20 20
soplex_pds-50_9830 soplex_pds-50/9830 0 0 20 20
soplex_pds-50_10011 soplex_pds-50/10011 0 0 20 20
soplex_pds-50_11360 soplex_pds-50/11360 0 0 20 20
soplex_pds-50_11938 soplex_pds-50/11938 0 0 20 20
soplex_pds-50_13435 soplex_pds-50/13435 0 0 20 20
soplex_pds-50_16774 soplex_pds-50/16774 0 0 20 20
soplex_pds-50_16844 soplex_pds-50/16844 0 0 20 20
soplex_ref_580 soplex_ref/580 0 0 20 20
soplex_ref_2440 soplex_ref/2440 0 0 20 20
soplex_ref_2899 soplex_ref/2899 0 0 20 20
soplex_ref_3300 soplex_ref/3300 0 0 20 20
soplex_ref_3302 soplex_ref/3302 0 0 20 20
soplex_ref_3461 soplex_ref/3461 0 0 20 20
soplex_ref_4677 soplex_ref/4677 0 0 20 20
soplex_ref_5375 soplex_ref/5375 0 0 20 20
soplex_ref_6259 soplex_ref/6259 0 0 20 20
soplex_ref_6561 soplex_ref/6561 0 0 20 20
soplex_ref_6910 soplex_ref/6910 0 0 20 20
soplex_ref_6958 soplex_ref/6958 0 0 20 20
soplex_ref_7491 soplex_ref/7491 0 0 20 20
soplex_ref_10477 soplex_ref/10477 0 0 20 20
soplex_ref_10682 soplex_ref/10682 0 0 20 20
soplex_ref_12122 soplex_ref/12122 0 0 20 20
soplex_ref_16104 soplex_ref/16104 0 0 20 20
soplex_ref_17060 soplex_ref/17060 0 0 20 20
soplex_ref_18636 soplex_ref/18636 0 0 20 20
sphinx3_2670 sphinx3/2670 0 0 20 20
sphinx3_11182 sphinx3/11182 0 0 20 20
sphinx3_16616 sphinx3/16616 0 0 20 20
sphinx3_19496 sphinx3/19496 0 0 20 20
sphinx3_34714 sphinx3/34714 0 0 20 20
sphinx3_42851 sphinx3/42851 0 0 20 20
sphinx3_49701 sphinx3/49701 0 0 20 20
sphinx3_61658 sphinx3/61658 0 0 20 20
sphinx3_64050 sphinx3/64050 0 0 20 20
sphinx3_79169 sphinx3/79169 0 0 20 20
sphinx3_93581 sphinx3/93581 0 0 20 20
sphinx3_125642 sphinx3/125642 0 0 20 20
sphinx3_136729 sphinx3/136729 0 0 20 20
sphinx3_143104 sphinx3/143104 0 0 20 20
sphinx3_149278 sphinx3/149278 0 0 20 20
sphinx3_159837 sphinx3/159837 0 0 20 20
sphinx3_170956 sphinx3/170956 0 0 20 20
tonto_5592 tonto/5592 0 0 20 20
tonto_6667 tonto/6667 0 0 20 20
tonto_6750 tonto/6750 0 0 20 20
tonto_9955 tonto/9955 0 0 20 20
tonto_11404 tonto/11404 0 0 20 20
tonto_12114 tonto/12114 0 0 20 20
tonto_13669 tonto/13669 0 0 20 20
tonto_17661 tonto/17661 0 0 20 20
tonto_23043 tonto/23043 0 0 20 20
tonto_27172 tonto/27172 0 0 20 20
tonto_43051 tonto/43051 0 0 20 20
tonto_46824 tonto/46824 0 0 20 20
tonto_47094 tonto/47094 0 0 20 20
tonto_47772 tonto/47772 0 0 20 20
tonto_53465 tonto/53465 0 0 20 20
tonto_58155 tonto/58155 0 0 20 20
tonto_68361 tonto/68361 0 0 20 20
tonto_68920 tonto/68920 0 0 20 20
tonto_71319 tonto/71319 0 0 20 20
tonto_76710 tonto/76710 0 0 20 20
tonto_82510 tonto/82510 0 0 20 20
tonto_85933 tonto/85933 0 0 20 20
tonto_86795 tonto/86795 0 0 20 20
tonto_94195 tonto/94195 0 0 20 20
tonto_105529 tonto/105529 0 0 20 20
tonto_115688 tonto/115688 0 0 20 20
wrf_2303 wrf/2303 0 0 20 20
wrf_6348 wrf/6348 0 0 20 20
wrf_8777 wrf/8777 0 0 20 20
wrf_12242 wrf/12242 0 0 20 20
wrf_18963 wrf/18963 0 0 20 20
wrf_27338 wrf/27338 0 0 20 20
wrf_30924 wrf/30924 0 0 20 20
wrf_31736 wrf/31736 0 0 20 20
wrf_43810 wrf/43810 0 0 20 20
wrf_51031 wrf/51031 0 0 20 20
wrf_51174 wrf/51174 0 0 20 20
wrf_51541 wrf/51541 0 0 20 20
wrf_57048 wrf/57048 0 0 20 20
wrf_57978 wrf/57978 0 0 20 20
wrf_66409 wrf/66409 0 0 20 20
wrf_79659 wrf/79659 0 0 20 20
wrf_91639 wrf/91639 0 0 20 20
wrf_93933 wrf/93933 0 0 20 20
wrf_100737 wrf/100737 0 0 20 20
wrf_114735 wrf/114735 0 0 20 20
wrf_122263 wrf/122263 0 0 20 20
wrf_126408 wrf/126408 0 0 20 20
wrf_130121 wrf/130121 0 0 20 20
wrf_141767 wrf/141767 0 0 20 20
wrf_141777 wrf/141777 0 0 20 20
wrf_151819 wrf/151819 0 0 20 20
xalancbmk_106 xalancbmk/106 0 0 20 20
xalancbmk_599 xalancbmk/599 0 0 20 20
xalancbmk_1591 xalancbmk/1591 0 0 20 20
xalancbmk_1794 xalancbmk/1794 0 0 20 20
xalancbmk_1812 xalancbmk/1812 0 0 20 20
xalancbmk_2064 xalancbmk/2064 0 0 20 20
xalancbmk_3497 xalancbmk/3497 0 0 20 20
xalancbmk_3996 xalancbmk/3996 0 0 20 20
xalancbmk_6789 xalancbmk/6789 0 0 20 20
xalancbmk_8050 xalancbmk/8050 0 0 20 20
xalancbmk_9638 xalancbmk/9638 0 0 20 20
xalancbmk_13469 xalancbmk/13469 0 0 20 20
xalancbmk_13979 xalancbmk/13979 0 0 20 20
xalancbmk_16658 xalancbmk/16658 0 0 20 20
xalancbmk_17223 xalancbmk/17223 0 0 20 20
xalancbmk_17496 xalancbmk/17496 0 0 20 20
xalancbmk_18424 xalancbmk/18424 0 0 20 20
xalancbmk_18488 xalancbmk/18488 0 0 20 20
xalancbmk_18699 xalancbmk/18699 0 0 20 20
xalancbmk_18805 xalancbmk/18805 0 0 20 20
xalancbmk_19277 xalancbmk/19277 0 0 20 20
xalancbmk_19435 xalancbmk/19435 0 0 20 20
xalancbmk_19765 xalancbmk/19765 0 0 20 20
xalancbmk_20215 xalancbmk/20215 0 0 20 20
xalancbmk_22821 xalancbmk/22821 0 0 20 20
xalancbmk_23361 xalancbmk/23361 0 0 20 20
xalancbmk_24648 xalancbmk/24648 0 0 20 20
xalancbmk_25147 xalancbmk/25147 0 0 20 20
xalancbmk_25481 xalancbmk/25481 0 0 20 20
xalancbmk_25591 xalancbmk/25591 0 0 20 20
xalancbmk_25886 xalancbmk/25886 0 0 20 20
xalancbmk_26124 xalancbmk/26124 0 0 20 20
xalancbmk_26990 xalancbmk/26990 0 0 20 20
xalancbmk_27970 xalancbmk/27970 0 0 20 20
xalancbmk_29993 xalancbmk/29993 0 0 20 20
xalancbmk_32623 xalancbmk/32623 0 0 20 20
xalancbmk_32818 xalancbmk/32818 0 0 20 20
xalancbmk_32952 xalancbmk/32952 0 0 20 20
xalancbmk_33020 xalancbmk/33020 0 0 20 20
xalancbmk_34543 xalancbmk/34543 0 0 20 20
xalancbmk_34724 xalancbmk/34724 0 0 20 20
xalancbmk_36343 xalancbmk/36343 0 0 20 20
zeusmp_422 zeusmp/422 0 0 20 20
zeusmp_2080 zeusmp/2080 0 0 20 20
zeusmp_2920 zeusmp/2920 0 0 20 20
zeusmp_5334 zeusmp/5334 0 0 20 20
zeusmp_9962 zeusmp/9962 0 0 20 20
zeusmp_19012 zeusmp/19012 0 0 20 20
zeusmp_21771 zeusmp/21771 0 0 20 20
zeusmp_21871 zeusmp/21871 0 0 20 20
zeusmp_22082 zeusmp/22082 0 0 20 20
zeusmp_23396 zeusmp/23396 0 0 20 20
zeusmp_23809 zeusmp/23809 0 0 20 20
zeusmp_26161 zeusmp/26161 0 0 20 20
zeusmp_27234 zeusmp/27234 0 0 20 20
zeusmp_31126 zeusmp/31126 0 0 20 20
zeusmp_34441 zeusmp/34441 0 0 20 20
zeusmp_44408 zeusmp/44408 0 0 20 20
zeusmp_51158 zeusmp/51158 0 0 20 20
zeusmp_52053 zeusmp/52053 0 0 20 20
zeusmp_53534 zeusmp/53534 0 0 20 20
zeusmp_71146 zeusmp/71146 0 0 20 20
zeusmp_72936 zeusmp/72936 0 0 20 20
zeusmp_79124 zeusmp/79124 0 0 20 20
zeusmp_79815 zeusmp/79815 0 0 20 20
zeusmp_80042 zeusmp/80042 0 0 20 20
