omnetpp_20261 omnetpp/20261 0 0 20 20
omnetpp_23580 omnetpp/23580 0 0 20 20
omnetpp_722 omnetpp/722 0 0 20 20
omnetpp_8634 omnetpp/8634 0 0 20 20
omnetpp_232 omnetpp/232 0 0 20 20
omnetpp_16482 omnetpp/16482 0 0 20 20
omnetpp_19013 omnetpp/19013 0 0 20 20
omnetpp_23614 omnetpp/23614 0 0 20 20
omnetpp_443 omnetpp/443 0 0 20 20
omnetpp_15337 omnetpp/15337 0 0 20 20
mcf_9578 mcf/9578 0 0 20 20
mcf_11392 mcf/11392 0 0 20 20
mcf_10179 mcf/10179 0 0 20 20
mcf_7230 mcf/7230 0 0 20 20
mcf_9072 mcf/9072 0 0 20 20
mcf_4321 mcf/4321 0 0 20 20
mcf_7319 mcf/7319 0 0 20 20
mcf_10688 mcf/10688 0 0 20 20
mcf_12253 mcf/12253 0 0 20 20
mcf_13940 mcf/13940 0 0 20 20
mcf_1733 mcf/1733 0 0 20 20
mcf_5171 mcf/5171 0 0 20 20
mcf_8336 mcf/8336 0 0 20 20
mcf_8286 mcf/8286 0 0 20 20
mcf_9294 mcf/9294 0 0 20 20
mcf_3283 mcf/3283 0 0 20 20
mcf_5405 mcf/5405 0 0 20 20
