astar_biglakes_3233 astar_biglakes/3233 0 0 20 20
astar_biglakes_4087 astar_biglakes/4087 0 0 20 20
astar_biglakes_8786 astar_biglakes/8786 0 0 20 20
astar_rivers_8019 astar_rivers/8019 0 0 20 20
astar_rivers_12420 astar_rivers/12420 0 0 20 20
bzip2_program_27804 bzip2_program/27804 0 0 20 20
gcc_166_1802 gcc_166/1802 0 0 20 20
gcc_g23_6252 gcc_g23/6252 0 0 20 20
gcc_g23_401 gcc_g23/401 0 0 20 20
gobmk_13x13_4323 gobmk_13x13/4323 0 0 20 20
gobmk_13x13_5533 gobmk_13x13/5533 0 0 20 20
gobmk_13x13_5287 gobmk_13x13/5287 0 0 20 20
gobmk_nngs_2696 gobmk_nngs/2696 0 0 20 20
gobmk_nngs_26376 gobmk_nngs/26376 0 0 20 20
gobmk_nngs_10302 gobmk_nngs/10302 0 0 20 20
gobmk_score2_13102 gobmk_score2/13102 0 0 20 20
gobmk_score2_8262 gobmk_score2/8262 0 0 20 20
gobmk_score2_11462 gobmk_score2/11462 0 0 20 20
gobmk_trevorc_8642 gobmk_trevorc/8642 0 0 20 20
gobmk_trevorc_5309 gobmk_trevorc/5309 0 0 20 20
gobmk_trevord_12359 gobmk_trevord/12359 0 0 20 20
gobmk_trevord_14429 gobmk_trevord/14429 0 0 20 20
gobmk_trevord_12628 gobmk_trevord/12628 0 0 20 20
h264ref_foreman.main_6374 h264ref_foreman.main/6374 0 0 20 20
h264ref_foreman.main_12020 h264ref_foreman.main/12020 0 0 20 20
h264ref_sss_104978 h264ref_sss/104978 0 0 20 20
h264ref_sss_80097 h264ref_sss/80097 0 0 20 20
h264ref_sss_56144 h264ref_sss/56144 0 0 20 20
perlbench_checkspam_40859 perlbench_checkspam/40859 0 0 20 20
perlbench_checkspam_24678 perlbench_checkspam/24678 0 0 20 20
perlbench_checkspam_40784 perlbench_checkspam/40784 0 0 20 20
perlbench_splitmail_26762 perlbench_splitmail/26762 0 0 20 20
sjeng_25706 sjeng/25706 0 0 20 20
sjeng_96343 sjeng/96343 0 0 20 20
sjeng_56333 sjeng/56333 0 0 20 20
